// Jest Snapshot v1, https://goo.gl/fbAQLP

exports[`<SocialAuthButtons /> renders three provider buttons 1`] = `
<View
  style={
    {
      "flexDirection": "row",
      "gap": 16,
      "justifyContent": "center",
      "marginBottom": 24,
    }
  }
>
  <View
    accessibilityState={
      {
        "busy": undefined,
        "checked": undefined,
        "disabled": false,
        "expanded": undefined,
        "selected": undefined,
      }
    }
    accessibilityValue={
      {
        "max": undefined,
        "min": undefined,
        "now": undefined,
        "text": undefined,
      }
    }
    accessible={true}
    collapsable={false}
    focusable={true}
    onClick={[Function]}
    onResponderGrant={[Function]}
    onResponderMove={[Function]}
    onResponderRelease={[Function]}
    onResponderTerminate={[Function]}
    onResponderTerminationRequest={[Function]}
    onStartShouldSetResponder={[Function]}
    style={
      {
        "alignItems": "center",
        "backgroundColor": "#FCF3F6",
        "borderColor": "#F83758",
        "borderRadius": 50,
        "borderWidth": 2,
        "height": 64,
        "justifyContent": "center",
        "opacity": 1,
        "padding": 16,
        "width": 64,
      }
    }
  >
    <View
      accessibilityLabel="google-icon"
    />
  </View>
  <View
    accessibilityState={
      {
        "busy": undefined,
        "checked": undefined,
        "disabled": false,
        "expanded": undefined,
        "selected": undefined,
      }
    }
    accessibilityValue={
      {
        "max": undefined,
        "min": undefined,
        "now": undefined,
        "text": undefined,
      }
    }
    accessible={true}
    collapsable={false}
    focusable={true}
    onClick={[Function]}
    onResponderGrant={[Function]}
    onResponderMove={[Function]}
    onResponderRelease={[Function]}
    onResponderTerminate={[Function]}
    onResponderTerminationRequest={[Function]}
    onStartShouldSetResponder={[Function]}
    style={
      {
        "alignItems": "center",
        "backgroundColor": "#FCF3F6",
        "borderColor": "#F83758",
        "borderRadius": 50,
        "borderWidth": 2,
        "height": 64,
        "justifyContent": "center",
        "opacity": 1,
        "padding": 16,
        "width": 64,
      }
    }
  >
    <View
      accessibilityLabel="apple-icon"
    />
  </View>
  <View
    accessibilityState={
      {
        "busy": undefined,
        "checked": undefined,
        "disabled": false,
        "expanded": undefined,
        "selected": undefined,
      }
    }
    accessibilityValue={
      {
        "max": undefined,
        "min": undefined,
        "now": undefined,
        "text": undefined,
      }
    }
    accessible={true}
    collapsable={false}
    focusable={true}
    onClick={[Function]}
    onResponderGrant={[Function]}
    onResponderMove={[Function]}
    onResponderRelease={[Function]}
    onResponderTerminate={[Function]}
    onResponderTerminationRequest={[Function]}
    onStartShouldSetResponder={[Function]}
    style={
      {
        "alignItems": "center",
        "backgroundColor": "#FCF3F6",
        "borderColor": "#F83758",
        "borderRadius": 50,
        "borderWidth": 2,
        "height": 64,
        "justifyContent": "center",
        "opacity": 1,
        "padding": 16,
        "width": 64,
      }
    }
  >
    <View
      accessibilityLabel="facebook-icon"
    />
  </View>
</View>
`;
